[ardventures.in/kriti/kriti/index.html]
[backblue.gif]
[fade.gif]
[index.html]
[ardventures.in/kriti/kriti/assets/img/favicon.png]
[ardventures.in/kriti/kriti/assets/img/apple-touch-icon.png]
[ardventures.in/kriti/kriti/assets/img/122.png]
[ardventures.in/kriti/kriti/demo12.html]
[ardventures.in/kriti/kriti/demo11.html]
[ardventures.in/kriti/kriti/demo10.html]
[ardventures.in/kriti/kriti/demo9.html]
[ardventures.in/kriti/kriti/currentaff.html]
[ardventures.in/kriti/kriti/careercon.html]
[ardventures.in/kriti/kriti/persanility.html]
[ardventures.in/kriti/kriti/intervie.html]
[ardventures.in/kriti/kriti/powerpake.html]
[ardventures.in/kriti/kriti/success.html]
[ardventures.in/kriti/kriti/Pryear.html]
[ardventures.in/kriti/kriti/samplepaper.html]
[ardventures.in/kriti/kriti/mock_paper.html]
[ardventures.in/kriti/kriti/course-details2.html]
[ardventures.in/kriti/kriti/course-details.html]
[ardventures.in/kriti/kriti/bbb.mp4]
[ardventures.in/kriti/kriti/assets/img/wew.jpg]
[ardventures.in/kriti/kriti/assets/img/waaa.jpg]
[ardventures.in/kriti/kriti/assets/img/cdd.png]
[ardventures.in/kriti/kriti/assets/img/re.jpg]
[ardventures.in/kriti/kriti/assets/img/kriti.jpg]
[ardventures.in/kriti/kriti/assets/img/Smt. Neeru Saxena  - Chairperson .jpg]
[ardventures.in/kriti/kriti/assets/img/trainers/trainer-2.jpg]
[ardventures.in/kriti/kriti/about.html]
[ardventures.in/kriti/kriti/term.php]
[ardventures.in/kriti/kriti/assets/vendor/jquery/jquery.min.js]
[ardventures.in/kriti/kriti/assets/vendor/bootstrap/js/bootstrap.bundle.min.js]
[ardventures.in/kriti/kriti/assets/vendor/jquery.easing/jquery.easing.min.js]
[ardventures.in/kriti/kriti/assets/vendor/php-email-form/validate.js]
[ardventures.in/kriti/kriti/assets/vendor/waypoints/jquery.waypoints.min.js]
[ardventures.in/kriti/kriti/assets/vendor/counterup/counterup.min.js]
[ardventures.in/kriti/kriti/assets/vendor/owl.carousel/owl.carousel.min.js]
[ardventures.in/kriti/kriti/assets/vendor/aos/aos.js]
[ardventures.in/kriti/kriti/assets/js/main.js]
[ardventures.in/kriti/kriti/index.html]
[ardventures.in/kriti/kriti/assets/vendor/bootstrap/css/bootstrap.min.css]
[ardventures.in/kriti/kriti/assets/vendor/icofont/fonts/icofont.woff2]
[ardventures.in/kriti/kriti/assets/vendor/icofont/fonts/icofont.woff]
[ardventures.in/kriti/kriti/assets/vendor/icofont/icofont.min.css]
[ardventures.in/kriti/kriti/assets/vendor/boxicons/fonts/boxicons.eot]
[ardventures.in/kriti/kriti/assets/vendor/boxicons/fonts/boxicons.woff2]
[ardventures.in/kriti/kriti/assets/vendor/boxicons/fonts/boxicons.woff]
[ardventures.in/kriti/kriti/assets/vendor/boxicons/fonts/boxicons.ttf]
[ardventures.in/kriti/kriti/assets/vendor/boxicons/css/boxicons.min.css]
[ardventures.in/kriti/kriti/assets/vendor/remixicon/remixicondf6d.eot]
[ardventures.in/kriti/kriti/assets/vendor/remixicon/remixicondf6d.woff2]
[ardventures.in/kriti/kriti/assets/vendor/remixicon/remixicondf6d.woff]
[ardventures.in/kriti/kriti/assets/vendor/remixicon/remixicondf6d.ttf]
[ardventures.in/kriti/kriti/assets/vendor/remixicon/remixicon.css]
[ardventures.in/kriti/kriti/assets/vendor/owl.carousel/assets/owl.video.play.png]
[ardventures.in/kriti/kriti/assets/vendor/owl.carousel/assets/owl.carousel.min.css]
[ardventures.in/kriti/kriti/assets/vendor/animate.css/animate.min.css]
[ardventures.in/kriti/kriti/assets/vendor/aos/aos.css]
[ardventures.in/kriti/kriti/assets/img/hero-bg.jpg]
[ardventures.in/kriti/kriti/assets/css/style.css]
[ardventures.in/kriti/kriti/assets/img/acc.jpg]
[ardventures.in/kriti/kriti/watch873b.html]
[ardventures.in/kriti/kriti/assets/img/bs.png]
[ardventures.in/kriti/kriti/watche389.html]
[ardventures.in/kriti/kriti/assets/img/ec.png]
[ardventures.in/kriti/kriti/assets/img/h.jpg]
[ardventures.in/kriti/kriti/assets/img/ps.jpg]
[ardventures.in/kriti/kriti/demo12.html]
[ardventures.in/kriti/kriti/watchbf5c.html]
[ardventures.in/kriti/kriti/watchac50.html]
[ardventures.in/kriti/kriti/watchc00e.html]
[ardventures.in/kriti/kriti/assets/img/humanity.jpg]
[ardventures.in/kriti/kriti/watch34c3.html]
[ardventures.in/kriti/kriti/demo11.html]
[ardventures.in/kriti/kriti/demo10.html]
[ardventures.in/kriti/kriti/demo9.html]
[ardventures.in/kriti/kriti/assets/img/crr.jpg]
[ardventures.in/kriti/kriti/enroll.html]
[ardventures.in/kriti/kriti/currentaff.html]
[ardventures.in/kriti/kriti/watchmore.html]
[ardventures.in/kriti/kriti/careercon.html]
[ardventures.in/kriti/kriti/assets/img/ppr.jpg]
[ardventures.in/kriti/kriti/persanility.html]
[ardventures.in/kriti/kriti/assets/img/inter.png]
[ardventures.in/kriti/kriti/intervie.html]
[ardventures.in/kriti/kriti/assets/img/512.jpg]
[ardventures.in/kriti/kriti/powerpake.html]
[ardventures.in/kriti/kriti/assets/img/ss.png]
[ardventures.in/kriti/kriti/success.html]
[ardventures.in/kriti/kriti/assets/img/testimonials/testimonials-1.jpg]
[ardventures.in/kriti/kriti/assets/img/testimonials/testimonials-2.jpg]
[ardventures.in/kriti/kriti/assets/img/testimonials/testimonials-3.jpg]
[ardventures.in/kriti/kriti/assets/img/testimonials/testimonials-5.jpg]
[ardventures.in/kriti/kriti/Pryear.html]
[ardventures.in/kriti/kriti/samplepaper.html]
[ardventures.in/kriti/kriti/mock_paper.html]
[ardventures.in/kriti/kriti/assets/img/2121.jpg]
[ardventures.in/kriti/kriti/assets/img/course-details-tab-1.png]
[ardventures.in/kriti/kriti/assets/img/course-details-tab-3.png]
[ardventures.in/kriti/kriti/course-details2.html]
[ardventures.in/kriti/kriti/assets/img/m13.jpg]
[ardventures.in/kriti/kriti/course-details.html]
[ardventures.in/kriti/kriti/course-details1.php]
[ardventures.in/kriti/kriti/assets/img/123.jpg]
[ardventures.in/kriti/kriti/about.html]
[ardventures.in/kriti/kriti/term.html]
[ardventures.in/kriti/kriti/assets/vendor/boxicons/fonts/boxiconsd41d.svg]
[ardventures.in/kriti/kriti/assets/vendor/remixicon/remixicondf6d.svg]
[ardventures.in/kriti/kriti/assets/img/Free-Demo.png]
[ardventures.in/kriti/kriti/account87f1.html]
[ardventures.in/kriti/kriti/account7429.html]
[ardventures.in/kriti/kriti/account2728.html]
[ardventures.in/kriti/kriti/account190a.html]
[ardventures.in/kriti/kriti/accounte371.html]
[ardventures.in/kriti/kriti/accounta9bc.html]
[ardventures.in/kriti/kriti/watch873b.html]
[ardventures.in/kriti/kriti/accounte5cc.html]
[ardventures.in/kriti/kriti/account6258.html]
[ardventures.in/kriti/kriti/account2e5f.html]
[ardventures.in/kriti/kriti/watche389.html]
[ardventures.in/kriti/kriti/watch9653.php]
[ardventures.in/kriti/kriti/account681a.html]
[ardventures.in/kriti/kriti/account0b30.html]
[ardventures.in/kriti/kriti/accountd708.html]
[ardventures.in/kriti/kriti/accountdcfd.html]
[ardventures.in/kriti/kriti/accountd61c.html]
[ardventures.in/kriti/kriti/account3a9f.html]
[ardventures.in/kriti/kriti/watchbf5c.html]
[ardventures.in/kriti/kriti/account8803.html]
[ardventures.in/kriti/kriti/accountc3c9.html]
[ardventures.in/kriti/kriti/account5255.html]
[ardventures.in/kriti/kriti/watchac50.html]
[ardventures.in/kriti/kriti/accountf41b.html]
[ardventures.in/kriti/kriti/account0055.html]
[ardventures.in/kriti/kriti/account4ef9.html]
[ardventures.in/kriti/kriti/watchc00e.html]
[ardventures.in/kriti/kriti/account6e03.html]
[ardventures.in/kriti/kriti/watch34c3.html]
[ardventures.in/kriti/kriti/assets/img/911.jpg]
[ardventures.in/kriti/kriti/assets/img/912.jpg]
[ardventures.in/kriti/kriti/assets/img/913.jpg]
[ardventures.in/kriti/kriti/enroll.html]
[ardventures.in/kriti/kriti/watchmore.html]
[ardventures.in/kriti/kriti/assets/img/testimonials/testimonials-4.jpg]
[ardventures.in/kriti/kriti/assets/img/course-details-tab-4.png]
[ardventures.in/kriti/kriti/course-details1.php]
[ardventures.in/kriti/kriti/courses.php]
[ardventures.in/kriti/kriti/account87f1.html]
[ardventures.in/kriti/kriti/account7429.html]
[ardventures.in/kriti/kriti/account2728.html]
[ardventures.in/kriti/kriti/account190a.html]
[ardventures.in/kriti/kriti/accounte371.html]
[ardventures.in/kriti/kriti/accounta9bc.html]
[ardventures.in/kriti/kriti/accounte5cc.html]
[ardventures.in/kriti/kriti/account6258.html]
[ardventures.in/kriti/kriti/account2e5f.html]
[ardventures.in/kriti/kriti/account9c8a.html]
[ardventures.in/kriti/kriti/accountea25.html]
[ardventures.in/kriti/kriti/account9e43.html]
[ardventures.in/kriti/kriti/watch9653.php]
[ardventures.in/kriti/kriti/account681a.html]
[ardventures.in/kriti/kriti/account0b30.html]
[ardventures.in/kriti/kriti/accountd708.html]
[ardventures.in/kriti/kriti/accountdcfd.html]
[ardventures.in/kriti/kriti/accountd61c.html]
[ardventures.in/kriti/kriti/account3a9f.html]
[ardventures.in/kriti/kriti/account8803.html]
[ardventures.in/kriti/kriti/accountc3c9.html]
[ardventures.in/kriti/kriti/account5255.html]
[ardventures.in/kriti/kriti/accountf41b.html]
[ardventures.in/kriti/kriti/account0055.html]
[ardventures.in/kriti/kriti/account4ef9.html]
[ardventures.in/kriti/kriti/account6e03.html]
[ardventures.in/kriti/kriti/courses.php]
[ardventures.in/kriti/kriti/account9c8a.html]
[ardventures.in/kriti/kriti/accountea25.html]
[ardventures.in/kriti/kriti/account9e43.html]
[ardventures.in/kriti/kriti/assets/img/course-details-tab-2.png]
[ardventures.in/kriti/kriti/assets/img/course-details-tab-5.png]
